Info: Starting: Create simulation model
Info: qsys-generate "C:\Users\Shuai\OneDrive - UW-Madison\Course_Material\21-spring\ECE757\project\FFT_Quartus\rtl\ip\fft_ip.qsys" --simulation=VERILOG --allow-mixed-language-simulation --output-directory="C:\Users\Shuai\OneDrive - UW-Madison\Course_Material\21-spring\ECE757\project\FFT_Quartus\rtl\ip\fft_ip\simulation" --family="Cyclone IV E" --part=EP4CE10F17C8L
Progress: Loading ip/fft_ip.qsys
Progress: Reading input file
Progress: Adding fft_ii_0 [altera_fft_ii 18.1]
Progress: Parameterizing module fft_ii_0
Progress: Building connections
Progress: Parameterizing connections
Progress: Validating
Progress: Done reading input file
Info: fft_ip.fft_ii_0: Radix-2 digit reverse implied
Info: fft_ip: Generating fft_ip "fft_ip" for SIM_VERILOG
Info: fft_ii_0: --- add file: fft_ip_fft_ii_0_3n65536cos.hex
Info: fft_ii_0: --- add file: fft_ip_fft_ii_0_2n65536sin.hex
Info: fft_ii_0: --- add file: fft_ip_fft_ii_0_3n65536sin.hex
Info: fft_ii_0: --- add file: fft_ip_fft_ii_0_1n65536cos.hex
Info: fft_ii_0: --- add file: fft_ip_fft_ii_0_1n65536sin.hex
Info: fft_ii_0: --- add file: fft_ip_fft_ii_0_2n65536cos.hex
Info: fft_ii_0: "fft_ip" instantiated altera_fft_ii "fft_ii_0"
Info: fft_ip: Done "fft_ip" with 2 modules, 244 files
Info: qsys-generate succeeded.
Info: Finished: Create simulation model
Info: Starting: Create Modelsim Project.
Info: sim-script-gen --spd="C:\Users\Shuai\OneDrive - UW-Madison\Course_Material\21-spring\ECE757\project\FFT_Quartus\rtl\ip\fft_ip\fft_ip.spd" --output-directory="C:/Users/Shuai/OneDrive - UW-Madison/Course_Material/21-spring/ECE757/project/FFT_Quartus/rtl/ip/fft_ip/simulation/" --use-relative-paths=true
Info: Doing: ip-make-simscript --spd=C:\Users\Shuai\OneDrive - UW-Madison\Course_Material\21-spring\ECE757\project\FFT_Quartus\rtl\ip\fft_ip\fft_ip.spd --output-directory=C:/Users/Shuai/OneDrive - UW-Madison/Course_Material/21-spring/ECE757/project/FFT_Quartus/rtl/ip/fft_ip/simulation/ --use-relative-paths=true
Info: Generating the following file(s) for MODELSIM simulator in C:/Users/Shuai/OneDrive - UW-Madison/Course_Material/21-spring/ECE757/project/FFT_Quartus/rtl/ip/fft_ip/simulation/ directory:
Info: 	mentor/msim_setup.tcl
Info: Skipping VCS script generation since VHDL file $QUARTUS_INSTALL_DIR/eda/sim_lib/altera_syn_attributes.vhd is required for simulation
Info: Generating the following file(s) for VCSMX simulator in C:/Users/Shuai/OneDrive - UW-Madison/Course_Material/21-spring/ECE757/project/FFT_Quartus/rtl/ip/fft_ip/simulation/ directory:
Info: 	synopsys/vcsmx/synopsys_sim.setup
Info: 	synopsys/vcsmx/vcsmx_setup.sh
Info: Generating the following file(s) for NCSIM simulator in C:/Users/Shuai/OneDrive - UW-Madison/Course_Material/21-spring/ECE757/project/FFT_Quartus/rtl/ip/fft_ip/simulation/ directory:
Info: 	cadence/cds.lib
Info: 	cadence/hdl.var
Info: 	cadence/ncsim_setup.sh
Info: 	1 .cds.lib files in cadence/cds_libs/ directory
Info: Generating the following file(s) for RIVIERA simulator in C:/Users/Shuai/OneDrive - UW-Madison/Course_Material/21-spring/ECE757/project/FFT_Quartus/rtl/ip/fft_ip/simulation/ directory:
Info: 	aldec/rivierapro_setup.tcl
Info: For information on how to simulate your IP, see the explanatory comments in the simulator-specific subdirectories under C:/Users/Shuai/OneDrive - UW-Madison/Course_Material/21-spring/ECE757/project/FFT_Quartus/rtl/ip/fft_ip/simulation/.
Info: Regenerate these scripts whenever you make any change to any Quartus-generated IP in your project.
Info: Finished: Create Modelsim Project.
Info: Starting: Create block symbol file (.bsf)
Info: qsys-generate "C:\Users\Shuai\OneDrive - UW-Madison\Course_Material\21-spring\ECE757\project\FFT_Quartus\rtl\ip\fft_ip.qsys" --block-symbol-file --output-directory="C:\Users\Shuai\OneDrive - UW-Madison\Course_Material\21-spring\ECE757\project\FFT_Quartus\rtl\ip\fft_ip" --family="Cyclone IV E" --part=EP4CE10F17C8L
Progress: Loading ip/fft_ip.qsys
Progress: Reading input file
Progress: Adding fft_ii_0 [altera_fft_ii 18.1]
Progress: Parameterizing module fft_ii_0
Progress: Building connections
Progress: Parameterizing connections
Progress: Validating
Progress: Done reading input file
Info: fft_ip.fft_ii_0: Radix-2 digit reverse implied
Info: qsys-generate succeeded.
Info: Finished: Create block symbol file (.bsf)
Info: 
Info: Starting: Create HDL design files for synthesis
Info: qsys-generate "C:\Users\Shuai\OneDrive - UW-Madison\Course_Material\21-spring\ECE757\project\FFT_Quartus\rtl\ip\fft_ip.qsys" --synthesis=VERILOG --output-directory="C:\Users\Shuai\OneDrive - UW-Madison\Course_Material\21-spring\ECE757\project\FFT_Quartus\rtl\ip\fft_ip\synthesis" --family="Cyclone IV E" --part=EP4CE10F17C8L
Progress: Loading ip/fft_ip.qsys
Progress: Reading input file
Progress: Adding fft_ii_0 [altera_fft_ii 18.1]
Progress: Parameterizing module fft_ii_0
Progress: Building connections
Progress: Parameterizing connections
Progress: Validating
Progress: Done reading input file
Info: fft_ip.fft_ii_0: Radix-2 digit reverse implied
Info: fft_ip: Generating fft_ip "fft_ip" for QUARTUS_SYNTH
Info: fft_ii_0: --- add file: fft_ip_fft_ii_0_3n65536cos.hex
Info: fft_ii_0: --- add file: fft_ip_fft_ii_0_2n65536sin.hex
Info: fft_ii_0: --- add file: fft_ip_fft_ii_0_3n65536sin.hex
Info: fft_ii_0: --- add file: fft_ip_fft_ii_0_1n65536cos.hex
Info: fft_ii_0: --- add file: fft_ip_fft_ii_0_1n65536sin.hex
Info: fft_ii_0: --- add file: fft_ip_fft_ii_0_2n65536cos.hex
Info: fft_ii_0: "fft_ip" instantiated altera_fft_ii "fft_ii_0"
Info: fft_ip: Done "fft_ip" with 2 modules, 108 files
Info: qsys-generate succeeded.
Info: Finished: Create HDL design files for synthesis
